// Jest Snapshot v1, https://goo.gl/fbAQLP

exports[`Marketplace renders title 1`] = `
<div>
  <div
    className="min-w-screen bg-blue-500 bg-opacity-20"
  >
    <nav
      className="w-screen"
      style={
        Object {
          "width": "100%",
        }
      }
    >
      <ul
        className="flex flex-wrap items-center justify-between py-3 bg-transparent text-white pr-5"
      >
        <li
          className="flex items-center ml-5 pb-2"
        >
          <a
            href="/"
            onClick={[Function]}
          >
            <img
              alt=""
              className="inline-block -mt-2 animate-pulse"
              height={70}
              src="app_logo.png"
              width={70}
            />
            <div
              className="inline-block font-bold text-xl ml-2 tracking-widest"
            >
              Crypto Emporium
            </div>
          </a>
        </li>
        <li
          className="w-full lg:w-auto"
        >
          <div
            className="flex flex-wrap justify-center lg:justify-end"
          >
            <ul
              className="lg:flex justify-between font-bold text-lg mr-10"
            >
              <li
                className="border-b-2 hover:pb-0 p-2"
              >
                <a
                  href="/"
                  onClick={[Function]}
                >
                  Marketplace
                </a>
              </li>
              <li
                className="hover:border-b-2 hover:pb-0 p-2"
              >
                <a
                  href="/sellNFT"
                  onClick={[Function]}
                >
                  Add My NFT
                </a>
              </li>
              <li
                className="hover:border-b-2 hover:pb-0 p-2"
              >
                <a
                  href="/profile"
                  onClick={[Function]}
                >
                  Profile
                </a>
              </li>
              <li>
                <button
                  className="enableEthereumButton bg-blue-500 hover:bg-blue-700 text-white font-bold py-2 px-4 rounded text-sm transition-all duration-300 ease-in-out bg-yellow-500 hover:bg-yellow-600"
                  onClick={[Function]}
                >
                  Connect Wallet
                </button>
              </li>
            </ul>
          </div>
        </li>
      </ul>
    </nav>
    <div
      className="flex justify-center lg:justify-end mr-10"
    >
      <div
        className="text-white font-bold text-sm text-center lg:text-right "
      >
        Not Connected. Please agin login to view NFTs
      </div>
    </div>
  </div>
  <div
    className="flex flex-col place-items-center mt-20"
  >
    <div
      className="md:text-xl font-bold text-white"
    >
      MOST POPULAR PIXELS
    </div>
    <div
      className="flex mt-5 flex-wrap max-w-screen-xl text-center"
    >
      <a
        className="block w-full max-w-xs mx-auto mb-8 bg-white shadow-md hover:shadow-lg rounded-lg overflow-hidden relative"
        href="/nftPage/undefined"
        onClick={[Function]}
        style={
          Object {
            "marginLeft": "1px",
          }
        }
      >
        <div
          className="relative"
        >
          <img
            alt="NFT#1"
            className="h-64 w-full object-cover"
            src="https://gateway.pinata.cloud/ipfs/QmTcQR1wMsnxakNikzePPJee77NxDtuRBkzvWeHva9vmfq"
          />
          <div
            className="absolute top-0 left-0 w-full h-full bg-black opacity-25 rounded-lg"
          />
          <div
            className="absolute bottom-0 left-0 w-full flex flex-col justify-end px-4 py-2 bg-gray-100 opacity-75  hover:bg-black  transition-colors duration-100 overflow-y-auto"
          >
            <h3
              className="text-gray-700 uppercase mb-2 hover:text-white"
            >
              NFT#1
            </h3>
            <span
              className="text-gray-500 hover:text-white"
            >
              $
              0.03ETH
            </span>
            <p
              className="text-gray-600 mb-4 hover:text-white"
            >
              Cute Dog
            </p>
          </div>
          <span
            className="absolute top-0 right-0 bg-yellow-500 bg-opacity-75 text-white font-bold py-2 px-4 rounded-bl"
          >
            0.03ETH
          </span>
        </div>
      </a>
      <a
        className="block w-full max-w-xs mx-auto mb-8 bg-white shadow-md hover:shadow-lg rounded-lg overflow-hidden relative"
        href="/nftPage/undefined"
        onClick={[Function]}
        style={
          Object {
            "marginLeft": "1px",
          }
        }
      >
        <div
          className="relative"
        >
          <img
            alt="NFT#2"
            className="h-64 w-full object-cover"
            src="https://gateway.pinata.cloud/ipfs/QmdUXeAUvjiwmS3htSYECxrr6ewjF27B3FYhuLfF33W1Bq"
          />
          <div
            className="absolute top-0 left-0 w-full h-full bg-black opacity-25 rounded-lg"
          />
          <div
            className="absolute bottom-0 left-0 w-full flex flex-col justify-end px-4 py-2 bg-gray-100 opacity-75  hover:bg-black  transition-colors duration-100 overflow-y-auto"
          >
            <h3
              className="text-gray-700 uppercase mb-2 hover:text-white"
            >
              NFT#2
            </h3>
            <span
              className="text-gray-500 hover:text-white"
            >
              $
              0.03ETH
            </span>
            <p
              className="text-gray-600 mb-4 hover:text-white"
            >
              Fantastic Dog
            </p>
          </div>
          <span
            className="absolute top-0 right-0 bg-yellow-500 bg-opacity-75 text-white font-bold py-2 px-4 rounded-bl"
          >
            0.03ETH
          </span>
        </div>
      </a>
      <a
        className="block w-full max-w-xs mx-auto mb-8 bg-white shadow-md hover:shadow-lg rounded-lg overflow-hidden relative"
        href="/nftPage/undefined"
        onClick={[Function]}
        style={
          Object {
            "marginLeft": "1px",
          }
        }
      >
        <div
          className="relative"
        >
          <img
            alt="NFT#3"
            className="h-64 w-full object-cover"
            src="https://gateway.pinata.cloud/ipfs/QmbkEvueGNBbHduz3DAUX4vVzcYn8M4CVfitzQP1nw9tRG"
          />
          <div
            className="absolute top-0 left-0 w-full h-full bg-black opacity-25 rounded-lg"
          />
          <div
            className="absolute bottom-0 left-0 w-full flex flex-col justify-end px-4 py-2 bg-gray-100 opacity-75  hover:bg-black  transition-colors duration-100 overflow-y-auto"
          >
            <h3
              className="text-gray-700 uppercase mb-2 hover:text-white"
            >
              NFT#3
            </h3>
            <span
              className="text-gray-500 hover:text-white"
            >
              $
              0.03ETH
            </span>
            <p
              className="text-gray-600 mb-4 hover:text-white"
            >
              Next Generation of Dog
            </p>
          </div>
          <span
            className="absolute top-0 right-0 bg-yellow-500 bg-opacity-75 text-white font-bold py-2 px-4 rounded-bl"
          >
            0.03ETH
          </span>
        </div>
      </a>
    </div>
  </div>
</div>
`;
